
> trading-platform@1.0.0 dev
> vite

Port 3000 is in use, trying another one...
Port 3001 is in use, trying another one...

  VITE v5.4.21  ready in 1656 ms

  ➜  Local:   http://localhost:3002/
  ➜  Network: use --host to expose
11:43:31 PM [vite] page reload index.html
11:43:31 PM [vite] page reload src/main.jsx
11:43:31 PM [vite] vite.config.js changed, restarting server...
11:43:31 PM [vite] .env.local changed, restarting server...
11:43:36 PM [vite] vite.config.js changed, restarting server...
11:43:54 PM [vite] server restarted.
3:54:02 AM [vite] page reload index.html
3:54:02 AM [vite] vite.config.js changed, restarting server...
3:54:53 AM [vite] .env.local changed, restarting server...
3:55:00 AM [vite] vite.config.js changed, restarting server...
3:55:20 AM [vite] server restarted.
4:03:52 AM [vite] vite.config.js changed, restarting server...
4:04:03 AM [vite] .env.local changed, restarting server...
4:04:17 AM [vite] vite.config.js changed, restarting server...
4:04:52 AM [vite] server restarted.
5:07:07 AM [vite] page reload index.html
5:50:21 AM [vite] page reload index.html
5:50:21 AM [vite] vite.config.js changed, restarting server...
5:51:55 AM [vite] .env.local changed, restarting server...
5:53:12 AM [vite] vite.config.js changed, restarting server...
[33mThe CJS build of Vite's Node API is deprecated. See https://vite.dev/guide/troubleshooting.html#vite-cjs-node-api-deprecated for more details.[39m
5:54:08 AM [vite] server restarted.
5:55:01 AM [vite] .env.local changed, restarting server...
5:55:12 AM [vite] vite.config.js changed, restarting server...
5:55:22 AM [vite] server restarted.
5:56:19 AM [vite] vite.config.js changed, restarting server...
5:56:21 AM [vite] .env.local changed, restarting server...
5:56:23 AM [vite] vite.config.js changed, restarting server...
5:56:24 AM [vite] vite.config.js changed, restarting server...
5:56:40 AM [vite] server restarted.
6:25:29 AM [vite] .env.local changed, restarting server...
6:25:50 AM [vite] vite.config.js changed, restarting server...
6:25:59 AM [vite] server restarted.
6:33:40 AM [vite] vite.config.js changed, restarting server...
6:33:48 AM [vite] .env.local changed, restarting server...
6:33:54 AM [vite] vite.config.js changed, restarting server...
Error: ETIMEDOUT: connection timed out, read
Error: ETIMEDOUT: connection timed out, read
Error: ETIMEDOUT: connection timed out, read
6:37:05 AM [vite] vite.config.js changed, restarting server...
6:37:32 AM [vite] .env.local changed, restarting server...
6:37:48 AM [vite] vite.config.js changed, restarting server...
6:38:07 AM [vite] server restarted.

  ➜  Local:   http://localhost:3002/
  ➜  Network: use --host to expose

  ➜  Local:   http://localhost:3002/
  ➜  Network: use --host to expose

  ➜  Local:   http://localhost:3002/
  ➜  Network: use --host to expose
6:38:08 AM [vite] page reload index.html
6:39:05 AM [vite] page reload index.html
6:39:05 AM [vite] vite.config.js changed, restarting server...
6:39:08 AM [vite] .env.local changed, restarting server...
6:39:13 AM [vite] vite.config.js changed, restarting server...
6:39:30 AM [vite] server restarted.
6:39:32 AM [vite] page reload index.html
6:47:45 AM [vite] page reload index.html
6:47:45 AM [vite] vite.config.js changed, restarting server...
6:47:51 AM [vite] .env.local changed, restarting server...
6:47:56 AM [vite] vite.config.js changed, restarting server...
6:48:13 AM [vite] server restarted.
6:48:15 AM [vite] page reload index.html
7:03:54 AM [vite] page reload index.html
7:03:54 AM [vite] vite.config.js changed, restarting server...
7:04:06 AM [vite] .env.local changed, restarting server...
7:04:09 AM [vite] vite.config.js changed, restarting server...
7:04:25 AM [vite] server restarted.
7:04:27 AM [vite] page reload index.html
